
> echegaray-os@0.1.0 build
> next build

▲ Next.js 16.2.10 (Turbopack)
- Environments: .env.local

⚠ The "middleware" file convention is deprecated. Please use "proxy" instead. Learn more: https://nextjs.org/docs/messages/middleware-to-proxy
  Creating an optimized production build ...
✓ Compiled successfully in 17.9s
  Running TypeScript ...
  Finished TypeScript in 30.9s ...
  Collecting page data using 3 workers ...
  Generating static pages using 3 workers (0/15) ...
  Generating static pages using 3 workers (3/15) 
  Generating static pages using 3 workers (7/15) 
  Generating static pages using 3 workers (11/15) 
✓ Generating static pages using 3 workers (15/15) in 346ms
  Finalizing page optimization ...

Route (app)
┌ ƒ /
├ ○ /_not-found
├ ƒ /administracion
├ ƒ /administracion/asistencia
├ ƒ /administracion/base-maestra
├ ƒ /administracion/base-maestra/recursos
├ ƒ /administracion/base-maestra/tareas
├ ƒ /administracion/compras
├ ƒ /administracion/pendientes
├ ƒ /administracion/personas
├ ƒ /administracion/personas/[id]
├ ƒ /administracion/personas/cuadrillas
├ ƒ /administracion/personas/cuadrillas/asistencia
├ ƒ /administracion/personas/cuadrillas/periodos
├ ƒ /administracion/personas/en-obra
├ ƒ /administracion/proveedores
├ ƒ /administracion/proveedores/[proveedor]
├ ƒ /administracion/usuarios
├ ƒ /api/chat-interno
├ ƒ /api/oauth/callback
├ ƒ /api/oauth/start
├ ƒ /api/os/[...path]
├ ƒ /aprobaciones
├ ƒ /calendario-caja
├ ƒ /calendario-financiero
├ ƒ /callback
├ ƒ /campo
├ ƒ /campo/impedimento
├ ƒ /campo/parte
├ ƒ /chat
├ ƒ /clientes
├ ƒ /clientes/[cliente]
├ ƒ /comunicacion
├ ƒ /contrasena-nueva
├ ƒ /control-obras
├ ƒ /control-obras/[obra]
├ ƒ /control-obras/costos
├ ○ /descargar
├ ƒ /descargas
├ ƒ /documentos
├ ƒ /flujo-caja
├ ƒ /hoy
├ ○ /icon.png
├ ƒ /ingenieria-financiera
├ ƒ /integraciones
├ ƒ /integraciones/herramientas
├ ƒ /integraciones/movimientos
├ ƒ /integraciones/pedidos-materiales
├ ƒ /login
├ ƒ /mi-cuenta
├ ƒ /mi-cuenta/documentos
├ ƒ /mi-cuenta/horas
├ ƒ /mi-cuenta/legajo
├ ƒ /mi-cuenta/notificaciones
├ ƒ /mi-cuenta/seguridad
├ ƒ /mi-cuenta/sesiones
├ ƒ /mi-informacion
├ ƒ /mi-informacion/asistencia
├ ƒ /mi-informacion/documentos
├ ƒ /mi-informacion/documentos/[documento]
├ ƒ /mi-informacion/horas
├ ƒ /mi-informacion/legajo
├ ƒ /mi-informacion/recibos
├ ƒ /mi-informacion/recibos/[recibo]
├ ƒ /mi-trabajo
├ ƒ /mi-trabajo/reportar
├ ƒ /mi-trabajo/tareas
├ ƒ /mi-trabajo/tareas/[tarea]
├ ƒ /obra/avance
├ ƒ /obra/avance-masivo
├ ƒ /obra/frente
├ ƒ /obra/hoy
├ ƒ /obra/personas
├ ƒ /obra/tareas
├ ƒ /obras
├ ƒ /obras/[obra]
├ ƒ /obras/[obra]/avance-masivo
├ ƒ /obras/[obra]/avance/[actividad]
├ ƒ /obras/[obra]/cronograma
├ ƒ /obras/[obra]/dotacion
├ ƒ /obras/[obra]/subcontratos
├ ƒ /obras/gantt
├ ƒ /obras/nueva
├ ƒ /operarios
├ ƒ /os
├ ƒ /presupuestos
├ ƒ /presupuestos/[presupuesto]
├ ƒ /presupuestos/[presupuesto]/convertir
├ ƒ /presupuestos/[presupuesto]/partida/[partida]
├ ƒ /recuperar
├ ƒ /reportes
├ ƒ /scorecard-finanzas
└ ○ /signup


ƒ Proxy (Middleware)

○  (Static)   prerendered as static content
ƒ  (Dynamic)  server-rendered on demand

BUILD-EXIT:0
